#-----------------------------------------------------------
# Vivado v2018.3 (64-bit)
# SW Build 2405991 on Thu Dec  6 23:38:27 MST 2018
# IP Build 2404404 on Fri Dec  7 01:43:56 MST 2018
# Start of session at: Sun Feb  5 09:59:30 2023
# Process ID: 19408
# Current directory: D:/personal_srcs/homework/cnn/cnn_hls
# Command line: vivado.exe -gui_launcher_event rodinguilauncherevent20704 D:\personal_srcs\homework\cnn\cnn_hls\cnn_hls.xpr
# Log file: D:/personal_srcs/homework/cnn/cnn_hls/vivado.log
# Journal file: D:/personal_srcs/homework/cnn/cnn_hls\vivado.jou
#-----------------------------------------------------------
start_gui
open_project D:/personal_srcs/homework/cnn/cnn_hls/cnn_hls.xpr
update_compile_order -fileset sources_1
open_bd_design {D:/personal_srcs/homework/cnn/cnn_hls/cnn_hls.srcs/sources_1/bd/design_1/design_1.bd}
make_wrapper -files [get_files D:/personal_srcs/homework/cnn/cnn_hls/cnn_hls.srcs/sources_1/bd/design_1/design_1.bd] -top
reset_run impl_1 -prev_step 
launch_runs impl_1 -to_step write_bitstream -jobs 6
wait_on_run impl_1
open_run impl_1
open_bd_design {D:/personal_srcs/homework/cnn/cnn_hls/cnn_hls.srcs/sources_1/bd/design_1/design_1.bd}
write_bd_tcl -force D:/personal_srcs/homework/cnn/cnn_hls/design_1.tcl
