#-----------------------------------------------------------
# Vivado v2018.3 (64-bit)
# SW Build 2405991 on Thu Dec  6 23:38:27 MST 2018
# IP Build 2404404 on Fri Dec  7 01:43:56 MST 2018
# Start of session at: Wed Feb  8 12:30:30 2023
# Process ID: 8436
# Current directory: C:/Users/liuzhouquan/Desktop/remotes/liuzhouquan_lizhaoyang/vivado/hls
# Command line: vivado.exe -gui_launcher_event rodinguilauncherevent11552 C:\Users\liuzhouquan\Desktop\remotes\liuzhouquan_lizhaoyang\vivado\hls\cnn_hls.xpr
# Log file: C:/Users/liuzhouquan/Desktop/remotes/liuzhouquan_lizhaoyang/vivado/hls/vivado.log
# Journal file: C:/Users/liuzhouquan/Desktop/remotes/liuzhouquan_lizhaoyang/vivado/hls\vivado.jou
#-----------------------------------------------------------
start_gui
open_project C:/Users/liuzhouquan/Desktop/remotes/liuzhouquan_lizhaoyang/vivado/hls/cnn_hls.xpr
open_bd_design {C:/Users/liuzhouquan/Desktop/remotes/liuzhouquan_lizhaoyang/vivado/hls/cnn_hls.srcs/sources_1/bd/design_1/design_1.bd}
update_compile_order -fileset sources_1
